// Vitest Snapshot v1

exports[`tokenize > can tokenize GLSL ES 3.00 1`] = `
[
  {
    "type": "directive",
    "value": "#version 300 es
",
  },
  {
    "type": "identifier",
    "value": "precision",
  },
  {
    "type": "identifier",
    "value": "mediump",
  },
  {
    "type": "identifier",
    "value": "float",
  },
  {
    "type": "symbol",
    "value": ";",
  },
  {
    "type": "comment",
    "value": "// single line
",
  },
  {
    "type": "comment",
    "value": "/*
        multiline
      */",
  },
  {
    "type": "directive",
    "value": "#ifdef TEST
",
  },
  {
    "type": "identifier",
    "value": "const",
  },
  {
    "type": "identifier",
    "value": "bool",
  },
  {
    "type": "identifier",
    "value": "isTest",
  },
  {
    "type": "symbol",
    "value": "=",
  },
  {
    "type": "identifier",
    "value": "true",
  },
  {
    "type": "symbol",
    "value": ";",
  },
  {
    "type": "directive",
    "value": "#endif
",
  },
  {
    "type": "identifier",
    "value": "uniform",
  },
  {
    "type": "identifier",
    "value": "sampler2D",
  },
  {
    "type": "identifier",
    "value": "map",
  },
  {
    "type": "symbol",
    "value": ";",
  },
  {
    "type": "identifier",
    "value": "out",
  },
  {
    "type": "identifier",
    "value": "vec4",
  },
  {
    "type": "identifier",
    "value": "pc_FragColor",
  },
  {
    "type": "symbol",
    "value": ";",
  },
  {
    "type": "identifier",
    "value": "void",
  },
  {
    "type": "identifier",
    "value": "main",
  },
  {
    "type": "symbol",
    "value": "(",
  },
  {
    "type": "symbol",
    "value": ")",
  },
  {
    "type": "symbol",
    "value": "{",
  },
  {
    "type": "identifier",
    "value": "pc_FragColor",
  },
  {
    "type": "symbol",
    "value": "=",
  },
  {
    "type": "identifier",
    "value": "vec4",
  },
  {
    "type": "symbol",
    "value": "(",
  },
  {
    "type": "identifier",
    "value": "map",
  },
  {
    "type": "symbol",
    "value": ".",
  },
  {
    "type": "identifier",
    "value": "rgb",
  },
  {
    "type": "symbol",
    "value": ",",
  },
  {
    "type": "number",
    "value": "0",
  },
  {
    "type": "symbol",
    "value": ".",
  },
  {
    "type": "number",
    "value": "0",
  },
  {
    "type": "symbol",
    "value": ")",
  },
  {
    "type": "symbol",
    "value": ";",
  },
  {
    "type": "identifier",
    "value": "pc_FragColor",
  },
  {
    "type": "symbol",
    "value": ".",
  },
  {
    "type": "identifier",
    "value": "a",
  },
  {
    "type": "symbol",
    "value": "+",
  },
  {
    "type": "symbol",
    "value": "=",
  },
  {
    "type": "number",
    "value": "1",
  },
  {
    "type": "symbol",
    "value": ".",
  },
  {
    "type": "number",
    "value": "0",
  },
  {
    "type": "symbol",
    "value": ";",
  },
  {
    "type": "symbol",
    "value": "}",
  },
]
`;
